Archive member included to satisfy reference by file (symbol)

/opt/st/stm32cubeide_1.7.0/plugins/com.st.stm32cube.ide.mcu.externaltools.gnu-tools-for-stm32.9-2020-q2-update.linux64_2.0.0.202105311346/tools/bin/../lib/gcc/arm-none-eabi/9.3.1/../../../../arm-none-eabi/lib/thumb/v7-m/nofp/libc_nano.a(lib_a-errno.o)
                              ./Core/Src/syscalls.o (__errno)
/opt/st/stm32cubeide_1.7.0/plugins/com.st.stm32cube.ide.mcu.externaltools.gnu-tools-for-stm32.9-2020-q2-update.linux64_2.0.0.202105311346/tools/bin/../lib/gcc/arm-none-eabi/9.3.1/../../../../arm-none-eabi/lib/thumb/v7-m/nofp/libc_nano.a(lib_a-exit.o)
                              /opt/st/stm32cubeide_1.7.0/plugins/com.st.stm32cube.ide.mcu.externaltools.gnu-tools-for-stm32.9-2020-q2-update.linux64_2.0.0.202105311346/tools/bin/../lib/gcc/arm-none-eabi/9.3.1/../../../../arm-none-eabi/lib/thumb/v7-m/nofp/crt0.o (exit)
/opt/st/stm32cubeide_1.7.0/plugins/com.st.stm32cube.ide.mcu.externaltools.gnu-tools-for-stm32.9-2020-q2-update.linux64_2.0.0.202105311346/tools/bin/../lib/gcc/arm-none-eabi/9.3.1/../../../../arm-none-eabi/lib/thumb/v7-m/nofp/libc_nano.a(lib_a-impure.o)
                              /opt/st/stm32cubeide_1.7.0/plugins/com.st.stm32cube.ide.mcu.externaltools.gnu-tools-for-stm32.9-2020-q2-update.linux64_2.0.0.202105311346/tools/bin/../lib/gcc/arm-none-eabi/9.3.1/../../../../arm-none-eabi/lib/thumb/v7-m/nofp/libc_nano.a(lib_a-exit.o) (_global_impure_ptr)
/opt/st/stm32cubeide_1.7.0/plugins/com.st.stm32cube.ide.mcu.externaltools.gnu-tools-for-stm32.9-2020-q2-update.linux64_2.0.0.202105311346/tools/bin/../lib/gcc/arm-none-eabi/9.3.1/../../../../arm-none-eabi/lib/thumb/v7-m/nofp/libc_nano.a(lib_a-init.o)
                              /opt/st/stm32cubeide_1.7.0/plugins/com.st.stm32cube.ide.mcu.externaltools.gnu-tools-for-stm32.9-2020-q2-update.linux64_2.0.0.202105311346/tools/bin/../lib/gcc/arm-none-eabi/9.3.1/../../../../arm-none-eabi/lib/thumb/v7-m/nofp/crt0.o (__libc_init_array)
/opt/st/stm32cubeide_1.7.0/plugins/com.st.stm32cube.ide.mcu.externaltools.gnu-tools-for-stm32.9-2020-q2-update.linux64_2.0.0.202105311346/tools/bin/../lib/gcc/arm-none-eabi/9.3.1/../../../../arm-none-eabi/lib/thumb/v7-m/nofp/libc_nano.a(lib_a-memset.o)
                              /opt/st/stm32cubeide_1.7.0/plugins/com.st.stm32cube.ide.mcu.externaltools.gnu-tools-for-stm32.9-2020-q2-update.linux64_2.0.0.202105311346/tools/bin/../lib/gcc/arm-none-eabi/9.3.1/../../../../arm-none-eabi/lib/thumb/v7-m/nofp/crt0.o (memset)

Allocating common symbols
Common symbol       size              file

uwTick              0x4               ./Drivers/STM32F1xx_HAL_Driver/Src/stm32f1xx_hal.o
pFlash              0x20              ./Drivers/STM32F1xx_HAL_Driver/Src/stm32f1xx_hal_flash.o
hrtc                0x14              ./Core/Src/main.o

Discarded input sections

 .text          0x0000000000000000        0x0 /opt/st/stm32cubeide_1.7.0/plugins/com.st.stm32cube.ide.mcu.externaltools.gnu-tools-for-stm32.9-2020-q2-update.linux64_2.0.0.202105311346/tools/bin/../lib/gcc/arm-none-eabi/9.3.1/thumb/v7-m/nofp/crti.o
 .data          0x0000000000000000        0x0 /opt/st/stm32cubeide_1.7.0/plugins/com.st.stm32cube.ide.mcu.externaltools.gnu-tools-for-stm32.9-2020-q2-update.linux64_2.0.0.202105311346/tools/bin/../lib/gcc/arm-none-eabi/9.3.1/thumb/v7-m/nofp/crti.o
 .bss           0x0000000000000000        0x0 /opt/st/stm32cubeide_1.7.0/plugins/com.st.stm32cube.ide.mcu.externaltools.gnu-tools-for-stm32.9-2020-q2-update.linux64_2.0.0.202105311346/tools/bin/../lib/gcc/arm-none-eabi/9.3.1/thumb/v7-m/nofp/crti.o
 .data          0x0000000000000000        0x4 /opt/st/stm32cubeide_1.7.0/plugins/com.st.stm32cube.ide.mcu.externaltools.gnu-tools-for-stm32.9-2020-q2-update.linux64_2.0.0.202105311346/tools/bin/../lib/gcc/arm-none-eabi/9.3.1/thumb/v7-m/nofp/crtbegin.o
 .text          0x0000000000000000       0x7c /opt/st/stm32cubeide_1.7.0/plugins/com.st.stm32cube.ide.mcu.externaltools.gnu-tools-for-stm32.9-2020-q2-update.linux64_2.0.0.202105311346/tools/bin/../lib/gcc/arm-none-eabi/9.3.1/../../../../arm-none-eabi/lib/thumb/v7-m/nofp/crt0.o
 .data          0x0000000000000000        0x0 /opt/st/stm32cubeide_1.7.0/plugins/com.st.stm32cube.ide.mcu.externaltools.gnu-tools-for-stm32.9-2020-q2-update.linux64_2.0.0.202105311346/tools/bin/../lib/gcc/arm-none-eabi/9.3.1/../../../../arm-none-eabi/lib/thumb/v7-m/nofp/crt0.o
 .bss           0x0000000000000000        0x0 /opt/st/stm32cubeide_1.7.0/plugins/com.st.stm32cube.ide.mcu.externaltools.gnu-tools-for-stm32.9-2020-q2-update.linux64_2.0.0.202105311346/tools/bin/../lib/gcc/arm-none-eabi/9.3.1/../../../../arm-none-eabi/lib/thumb/v7-m/nofp/crt0.o
 .ARM.extab     0x0000000000000000        0x0 /opt/st/stm32cubeide_1.7.0/plugins/com.st.stm32cube.ide.mcu.externaltools.gnu-tools-for-stm32.9-2020-q2-update.linux64_2.0.0.202105311346/tools/bin/../lib/gcc/arm-none-eabi/9.3.1/../../../../arm-none-eabi/lib/thumb/v7-m/nofp/crt0.o
[...]
Memory Configuration

Name             Origin             Length             Attributes
RAM              0x0000000020000000 0x0000000000002800 xrw
FLASH            0x0000000008000000 0x0000000000008000 xr
*default*        0x0000000000000000 0xffffffffffffffff

Linker script and memory map

LOAD /opt/st/stm32cubeide_1.7.0/plugins/com.st.stm32cube.ide.mcu.externaltools.gnu-tools-for-stm32.9-2020-q2-update.linux64_2.0.0.202105311346/tools/bin/../lib/gcc/arm-none-eabi/9.3.1/thumb/v7-m/nofp/crti.o
LOAD /opt/st/stm32cubeide_1.7.0/plugins/com.st.stm32cube.ide.mcu.externaltools.gnu-tools-for-stm32.9-2020-q2-update.linux64_2.0.0.202105311346/tools/bin/../lib/gcc/arm-none-eabi/9.3.1/thumb/v7-m/nofp/crtbegin.o
LOAD /opt/st/stm32cubeide_1.7.0/plugins/com.st.stm32cube.ide.mcu.externaltools.gnu-tools-for-stm32.9-2020-q2-update.linux64_2.0.0.202105311346/tools/bin/../lib/gcc/arm-none-eabi/9.3.1/../../../../arm-none-eabi/lib/thumb/v7-m/nofp/crt0.o
LOAD ./Core/Src/main.o
LOAD ./Core/Src/stm32f1xx_hal_msp.o
LOAD ./Core/Src/stm32f1xx_it.o
LOAD ./Core/Src/syscalls.o
LOAD ./Core/Src/sysmem.o
LOAD ./Core/Src/system_stm32f1xx.o
LOAD ./Core/Startup/startup_stm32f103c6tx.o
LOAD ./Drivers/STM32F1xx_HAL_Driver/Src/stm32f1xx_hal.o
LOAD ./Drivers/STM32F1xx_HAL_Driver/Src/stm32f1xx_hal_cortex.o
LOAD ./Drivers/STM32F1xx_HAL_Driver/Src/stm32f1xx_hal_dma.o
LOAD ./Drivers/STM32F1xx_HAL_Driver/Src/stm32f1xx_hal_exti.o
LOAD ./Drivers/STM32F1xx_HAL_Driver/Src/stm32f1xx_hal_flash.o
LOAD ./Drivers/STM32F1xx_HAL_Driver/Src/stm32f1xx_hal_flash_ex.o
LOAD ./Drivers/STM32F1xx_HAL_Driver/Src/stm32f1xx_hal_gpio.o
LOAD ./Drivers/STM32F1xx_HAL_Driver/Src/stm32f1xx_hal_gpio_ex.o
LOAD ./Drivers/STM32F1xx_HAL_Driver/Src/stm32f1xx_hal_pwr.o
LOAD ./Drivers/STM32F1xx_HAL_Driver/Src/stm32f1xx_hal_rcc.o
LOAD ./Drivers/STM32F1xx_HAL_Driver/Src/stm32f1xx_hal_rcc_ex.o
LOAD ./Drivers/STM32F1xx_HAL_Driver/Src/stm32f1xx_hal_rtc.o
LOAD ./Drivers/STM32F1xx_HAL_Driver/Src/stm32f1xx_hal_rtc_ex.o
LOAD ./Drivers/STM32F1xx_HAL_Driver/Src/stm32f1xx_hal_tim.o
LOAD ./Drivers/STM32F1xx_HAL_Driver/Src/stm32f1xx_hal_tim_ex.o
START GROUP
LOAD /opt/st/stm32cubeide_1.7.0/plugins/com.st.stm32cube.ide.mcu.externaltools.gnu-tools-for-stm32.9-2020-q2-update.linux64_2.0.0.202105311346/tools/bin/../lib/gcc/arm-none-eabi/9.3.1/../../../../arm-none-eabi/lib/thumb/v7-m/nofp/libc_nano.a
LOAD /opt/st/stm32cubeide_1.7.0/plugins/com.st.stm32cube.ide.mcu.externaltools.gnu-tools-for-stm32.9-2020-q2-update.linux64_2.0.0.202105311346/tools/bin/../lib/gcc/arm-none-eabi/9.3.1/../../../../arm-none-eabi/lib/thumb/v7-m/nofp/libm.a
END GROUP
START GROUP
LOAD /opt/st/stm32cubeide_1.7.0/plugins/com.st.stm32cube.ide.mcu.externaltools.gnu-tools-for-stm32.9-2020-q2-update.linux64_2.0.0.202105311346/tools/bin/../lib/gcc/arm-none-eabi/9.3.1/thumb/v7-m/nofp/libgcc.a
LOAD /opt/st/stm32cubeide_1.7.0/plugins/com.st.stm32cube.ide.mcu.externaltools.gnu-tools-for-stm32.9-2020-q2-update.linux64_2.0.0.202105311346/tools/bin/../lib/gcc/arm-none-eabi/9.3.1/../../../../arm-none-eabi/lib/thumb/v7-m/nofp/libc_nano.a
END GROUP
START GROUP
LOAD /opt/st/stm32cubeide_1.7.0/plugins/com.st.stm32cube.ide.mcu.externaltools.gnu-tools-for-stm32.9-2020-q2-update.linux64_2.0.0.202105311346/tools/bin/../lib/gcc/arm-none-eabi/9.3.1/thumb/v7-m/nofp/libgcc.a
LOAD /opt/st/stm32cubeide_1.7.0/plugins/com.st.stm32cube.ide.mcu.externaltools.gnu-tools-for-stm32.9-2020-q2-update.linux64_2.0.0.202105311346/tools/bin/../lib/gcc/arm-none-eabi/9.3.1/../../../../arm-none-eabi/lib/thumb/v7-m/nofp/libc_nano.a
LOAD /opt/st/stm32cubeide_1.7.0/plugins/com.st.stm32cube.ide.mcu.externaltools.gnu-tools-for-stm32.9-2020-q2-update.linux64_2.0.0.202105311346/tools/bin/../lib/gcc/arm-none-eabi/9.3.1/../../../../arm-none-eabi/lib/thumb/v7-m/nofp/libnosys.a
END GROUP
START GROUP
LOAD /opt/st/stm32cubeide_1.7.0/plugins/com.st.stm32cube.ide.mcu.externaltools.gnu-tools-for-stm32.9-2020-q2-update.linux64_2.0.0.202105311346/tools/bin/../lib/gcc/arm-none-eabi/9.3.1/thumb/v7-m/nofp/libgcc.a
LOAD /opt/st/stm32cubeide_1.7.0/plugins/com.st.stm32cube.ide.mcu.externaltools.gnu-tools-for-stm32.9-2020-q2-update.linux64_2.0.0.202105311346/tools/bin/../lib/gcc/arm-none-eabi/9.3.1/../../../../arm-none-eabi/lib/thumb/v7-m/nofp/libc_nano.a
LOAD /opt/st/stm32cubeide_1.7.0/plugins/com.st.stm32cube.ide.mcu.externaltools.gnu-tools-for-stm32.9-2020-q2-update.linux64_2.0.0.202105311346/tools/bin/../lib/gcc/arm-none-eabi/9.3.1/../../../../arm-none-eabi/lib/thumb/v7-m/nofp/libnosys.a
END GROUP
LOAD /opt/st/stm32cubeide_1.7.0/plugins/com.st.stm32cube.ide.mcu.externaltools.gnu-tools-for-stm32.9-2020-q2-update.linux64_2.0.0.202105311346/tools/bin/../lib/gcc/arm-none-eabi/9.3.1/thumb/v7-m/nofp/crtend.o
LOAD /opt/st/stm32cubeide_1.7.0/plugins/com.st.stm32cube.ide.mcu.externaltools.gnu-tools-for-stm32.9-2020-q2-update.linux64_2.0.0.202105311346/tools/bin/../lib/gcc/arm-none-eabi/9.3.1/thumb/v7-m/nofp/crtn.o
                0x0000000020002800                _estack = (ORIGIN (RAM) + LENGTH (RAM))
                0x0000000000000200                _Min_Heap_Size = 0x200
                0x0000000000000400                _Min_Stack_Size = 0x400

.isr_vector     0x0000000008000000      0x10c
                0x0000000008000000                . = ALIGN (0x4)
 *(.isr_vector)
 .isr_vector    0x0000000008000000      0x10c ./Core/Startup/startup_stm32f103c6tx.o
                0x0000000008000000                g_pfnVectors
                0x000000000800010c                . = ALIGN (0x4)

.text           0x000000000800010c     0x22c8
                0x000000000800010c                . = ALIGN (0x4)
 *(.text)
 .text          0x000000000800010c       0x40 /opt/st/stm32cubeide_1.7.0/plugins/com.st.stm32cube.ide.mcu.externaltools.gnu-tools-for-stm32.9-2020-q2-update.linux64_2.0.0.202105311346/tools/bin/../lib/gcc/arm-none-eabi/9.3.1/thumb/v7-m/nofp/crtbegin.o
 *(.text*)
 .text.main     0x000000000800014c       0x44 ./Core/Src/main.o
                0x000000000800014c                main
 .text.SystemClock_Config
                0x0000000008000190       0xba ./Core/Src/main.o
                0x0000000008000190                SystemClock_Config
 *fill*         0x000000000800024a        0x2 
 .text.MX_RTC_Init
                0x000000000800024c       0xc8 ./Core/Src/main.o
 .text.MX_GPIO_Init
                0x0000000008000314       0xc0 ./Core/Src/main.o
 .text.Error_Handler
                0x00000000080003d4        0xa ./Core/Src/main.o
                0x00000000080003d4                Error_Handler
 *fill*         0x00000000080003de        0x2 
 .text.HAL_MspInit
                0x00000000080003e0       0x64 ./Core/Src/stm32f1xx_hal_msp.o
                0x00000000080003e0                HAL_MspInit
 .text.HAL_RTC_MspInit
                0x0000000008000444       0x48 ./Core/Src/stm32f1xx_hal_msp.o
                0x0000000008000444                HAL_RTC_MspInit
 .text.NMI_Handler
                0x000000000800048c        0x6 ./Core/Src/stm32f1xx_it.o
                0x000000000800048c                NMI_Handler
 .text.HardFault_Handler
                0x0000000008000492        0x6 ./Core/Src/stm32f1xx_it.o
                0x0000000008000492                HardFault_Handler
 .text.MemManage_Handler
                0x0000000008000498        0x6 ./Core/Src/stm32f1xx_it.o
                0x0000000008000498                MemManage_Handler
 .text.BusFault_Handler
                0x000000000800049e        0x6 ./Core/Src/stm32f1xx_it.o
                0x000000000800049e                BusFault_Handler
 .text.UsageFault_Handler
                0x00000000080004a4        0x6 ./Core/Src/stm32f1xx_it.o
                0x00000000080004a4                UsageFault_Handler
 .text.SVC_Handler
                0x00000000080004aa        0xc ./Core/Src/stm32f1xx_it.o
                0x00000000080004aa                SVC_Handler
 .text.DebugMon_Handler
                0x00000000080004b6        0xc ./Core/Src/stm32f1xx_it.o
                0x00000000080004b6                DebugMon_Handler
 .text.PendSV_Handler
                0x00000000080004c2        0xc ./Core/Src/stm32f1xx_it.o
                0x00000000080004c2                PendSV_Handler
 .text.SysTick_Handler
                0x00000000080004ce        0xc ./Core/Src/stm32f1xx_it.o
                0x00000000080004ce                SysTick_Handler
 .text.EXTI1_IRQHandler
                0x00000000080004da        0xe ./Core/Src/stm32f1xx_it.o
                0x00000000080004da                EXTI1_IRQHandler
 .text.SystemInit
                0x00000000080004e8        0xc ./Core/Src/system_stm32f1xx.o
                0x00000000080004e8                SystemInit
 .text.Reset_Handler
                0x00000000080004f4       0x48 ./Core/Startup/startup_stm32f103c6tx.o
                0x00000000080004f4                Reset_Handler
 .text.Default_Handler
                0x000000000800053c        0x2 ./Core/Startup/startup_stm32f103c6tx.o
                0x000000000800053c                RTC_Alarm_IRQHandler
                0x000000000800053c                EXTI2_IRQHandler
                0x000000000800053c                TIM1_CC_IRQHandler
                0x000000000800053c                PVD_IRQHandler
                0x000000000800053c                EXTI3_IRQHandler
                0x000000000800053c                EXTI0_IRQHandler
                0x000000000800053c                ADC1_2_IRQHandler
                0x000000000800053c                SPI1_IRQHandler
                0x000000000800053c                TAMPER_IRQHandler
                0x000000000800053c                DMA1_Channel4_IRQHandler
                0x000000000800053c                RTC_IRQHandler
                0x000000000800053c                DMA1_Channel7_IRQHandler
                0x000000000800053c                CAN1_RX1_IRQHandler
                0x000000000800053c                I2C1_EV_IRQHandler
                0x000000000800053c                DMA1_Channel6_IRQHandler
                0x000000000800053c                TIM3_IRQHandler
                0x000000000800053c                RCC_IRQHandler
                0x000000000800053c                TIM1_TRG_COM_IRQHandler
                0x000000000800053c                DMA1_Channel1_IRQHandler
                0x000000000800053c                Default_Handler
                0x000000000800053c                EXTI15_10_IRQHandler
                0x000000000800053c                EXTI9_5_IRQHandler
                0x000000000800053c                DMA1_Channel5_IRQHandler
                0x000000000800053c                EXTI4_IRQHandler
                0x000000000800053c                USB_LP_CAN1_RX0_IRQHandler
                0x000000000800053c                USB_HP_CAN1_TX_IRQHandler
                0x000000000800053c                DMA1_Channel3_IRQHandler
                0x000000000800053c                TIM1_UP_IRQHandler
                0x000000000800053c                WWDG_IRQHandler
                0x000000000800053c                TIM2_IRQHandler
                0x000000000800053c                TIM1_BRK_IRQHandler
                0x000000000800053c                USART2_IRQHandler
                0x000000000800053c                DMA1_Channel2_IRQHandler
                0x000000000800053c                CAN1_SCE_IRQHandler
                0x000000000800053c                FLASH_IRQHandler
                0x000000000800053c                USART1_IRQHandler
                0x000000000800053c                I2C1_ER_IRQHandler
                0x000000000800053c                USBWakeUp_IRQHandler
 *fill*         0x000000000800053e        0x2 
 .text.HAL_Init
                0x0000000008000540       0x2c ./Drivers/STM32F1xx_HAL_Driver/Src/stm32f1xx_hal.o
                0x0000000008000540                HAL_Init
 .text.HAL_InitTick
                0x000000000800056c       0x60 ./Drivers/STM32F1xx_HAL_Driver/Src/stm32f1xx_hal.o
                0x000000000800056c                HAL_InitTick
 .text.HAL_IncTick
                0x00000000080005cc       0x24 ./Drivers/STM32F1xx_HAL_Driver/Src/stm32f1xx_hal.o
                0x00000000080005cc                HAL_IncTick
 .text.HAL_GetTick
                0x00000000080005f0       0x14 ./Drivers/STM32F1xx_HAL_Driver/Src/stm32f1xx_hal.o
                0x00000000080005f0                HAL_GetTick
 .text.HAL_Delay
                0x0000000008000604       0x48 ./Drivers/STM32F1xx_HAL_Driver/Src/stm32f1xx_hal.o
                0x0000000008000604                HAL_Delay
 .text.HAL_SuspendTick
                0x000000000800064c       0x1c ./Drivers/STM32F1xx_HAL_Driver/Src/stm32f1xx_hal.o
                0x000000000800064c                HAL_SuspendTick
 .text.__NVIC_SetPriorityGrouping
                0x0000000008000668       0x48 ./Drivers/STM32F1xx_HAL_Driver/Src/stm32f1xx_hal_cortex.o
 .text.__NVIC_GetPriorityGrouping
                0x00000000080006b0       0x1c ./Drivers/STM32F1xx_HAL_Driver/Src/stm32f1xx_hal_cortex.o
 .text.__NVIC_EnableIRQ
                0x00000000080006cc       0x38 ./Drivers/STM32F1xx_HAL_Driver/Src/stm32f1xx_hal_cortex.o
 .text.__NVIC_SetPriority
                0x0000000008000704       0x54 ./Drivers/STM32F1xx_HAL_Driver/Src/stm32f1xx_hal_cortex.o
 .text.NVIC_EncodePriority
                0x0000000008000758       0x64 ./Drivers/STM32F1xx_HAL_Driver/Src/stm32f1xx_hal_cortex.o
 .text.SysTick_Config
                0x00000000080007bc       0x44 ./Drivers/STM32F1xx_HAL_Driver/Src/stm32f1xx_hal_cortex.o
 .text.HAL_NVIC_SetPriorityGrouping
                0x0000000008000800       0x16 ./Drivers/STM32F1xx_HAL_Driver/Src/stm32f1xx_hal_cortex.o
                0x0000000008000800                HAL_NVIC_SetPriorityGrouping
 .text.HAL_NVIC_SetPriority
                0x0000000008000816       0x38 ./Drivers/STM32F1xx_HAL_Driver/Src/stm32f1xx_hal_cortex.o
                0x0000000008000816                HAL_NVIC_SetPriority
 .text.HAL_NVIC_EnableIRQ
                0x000000000800084e       0x1c ./Drivers/STM32F1xx_HAL_Driver/Src/stm32f1xx_hal_cortex.o
                0x000000000800084e                HAL_NVIC_EnableIRQ
 .text.HAL_SYSTICK_Config
                0x000000000800086a       0x18 ./Drivers/STM32F1xx_HAL_Driver/Src/stm32f1xx_hal_cortex.o
                0x000000000800086a                HAL_SYSTICK_Config
 *fill*         0x0000000008000882        0x2 
 .text.HAL_GPIO_Init
                0x0000000008000884      0x2f4 ./Drivers/STM32F1xx_HAL_Driver/Src/stm32f1xx_hal_gpio.o
                0x0000000008000884                HAL_GPIO_Init
 .text.HAL_GPIO_WritePin
                0x0000000008000b78       0x30 ./Drivers/STM32F1xx_HAL_Driver/Src/stm32f1xx_hal_gpio.o
                0x0000000008000b78                HAL_GPIO_WritePin
 .text.HAL_GPIO_EXTI_IRQHandler
                0x0000000008000ba8       0x30 ./Drivers/STM32F1xx_HAL_Driver/Src/stm32f1xx_hal_gpio.o
                0x0000000008000ba8                HAL_GPIO_EXTI_IRQHandler
 .text.HAL_GPIO_EXTI_Callback
                0x0000000008000bd8       0x14 ./Drivers/STM32F1xx_HAL_Driver/Src/stm32f1xx_hal_gpio.o
                0x0000000008000bd8                HAL_GPIO_EXTI_Callback
 .text.PWR_OverloadWfe
                0x0000000008000bec       0x10 ./Drivers/STM32F1xx_HAL_Driver/Src/stm32f1xx_hal_pwr.o
 .text.HAL_PWR_EnableBkUpAccess
                0x0000000008000bfc       0x18 ./Drivers/STM32F1xx_HAL_Driver/Src/stm32f1xx_hal_pwr.o
                0x0000000008000bfc                HAL_PWR_EnableBkUpAccess
 .text.HAL_PWR_EnterSTOPMode
                0x0000000008000c14       0x64 ./Drivers/STM32F1xx_HAL_Driver/Src/stm32f1xx_hal_pwr.o
                0x0000000008000c14                HAL_PWR_EnterSTOPMode
 .text.HAL_RCC_OscConfig
                0x0000000008000c78      0x500 ./Drivers/STM32F1xx_HAL_Driver/Src/stm32f1xx_hal_rcc.o
                0x0000000008000c78                HAL_RCC_OscConfig
 .text.HAL_RCC_ClockConfig
                0x0000000008001178      0x1d4 ./Drivers/STM32F1xx_HAL_Driver/Src/stm32f1xx_hal_rcc.o
                0x0000000008001178                HAL_RCC_ClockConfig
 .text.HAL_RCC_GetSysClockFreq
                0x000000000800134c       0xc0 ./Drivers/STM32F1xx_HAL_Driver/Src/stm32f1xx_hal_rcc.o
                0x000000000800134c                HAL_RCC_GetSysClockFreq
 .text.HAL_RCC_GetHCLKFreq
                0x000000000800140c       0x14 ./Drivers/STM32F1xx_HAL_Driver/Src/stm32f1xx_hal_rcc.o
                0x000000000800140c                HAL_RCC_GetHCLKFreq
 .text.HAL_RCC_GetPCLK2Freq
                0x0000000008001420       0x28 ./Drivers/STM32F1xx_HAL_Driver/Src/stm32f1xx_hal_rcc.o
                0x0000000008001420                HAL_RCC_GetPCLK2Freq
 .text.RCC_Delay
                0x0000000008001448       0x3c ./Drivers/STM32F1xx_HAL_Driver/Src/stm32f1xx_hal_rcc.o
 .text.HAL_RCCEx_PeriphCLKConfig
                0x0000000008001484      0x16c ./Drivers/STM32F1xx_HAL_Driver/Src/stm32f1xx_hal_rcc_ex.o
                0x0000000008001484                HAL_RCCEx_PeriphCLKConfig
 .text.HAL_RCCEx_GetPeriphCLKFreq
                0x00000000080015f0      0x188 ./Drivers/STM32F1xx_HAL_Driver/Src/stm32f1xx_hal_rcc_ex.o
                0x00000000080015f0                HAL_RCCEx_GetPeriphCLKFreq
 .text.HAL_RTC_Init
                0x0000000008001778      0x12c ./Drivers/STM32F1xx_HAL_Driver/Src/stm32f1xx_hal_rtc.o
                0x0000000008001778                HAL_RTC_Init
 .text.HAL_RTC_SetTime
                0x00000000080018a4      0x12e ./Drivers/STM32F1xx_HAL_Driver/Src/stm32f1xx_hal_rtc.o
                0x00000000080018a4                HAL_RTC_SetTime
 *fill*         0x00000000080019d2        0x2 
 .text.HAL_RTC_GetTime
                0x00000000080019d4      0x1b0 ./Drivers/STM32F1xx_HAL_Driver/Src/stm32f1xx_hal_rtc.o
                0x00000000080019d4                HAL_RTC_GetTime
 .text.HAL_RTC_SetDate
                0x0000000008001b84      0x16c ./Drivers/STM32F1xx_HAL_Driver/Src/stm32f1xx_hal_rtc.o
                0x0000000008001b84                HAL_RTC_SetDate
 .text.HAL_RTC_SetAlarm
                0x0000000008001cf0      0x132 ./Drivers/STM32F1xx_HAL_Driver/Src/stm32f1xx_hal_rtc.o
                0x0000000008001cf0                HAL_RTC_SetAlarm
 .text.HAL_RTC_WaitForSynchro
                0x0000000008001e22       0x5a ./Drivers/STM32F1xx_HAL_Driver/Src/stm32f1xx_hal_rtc.o
                0x0000000008001e22                HAL_RTC_WaitForSynchro
 .text.RTC_ReadTimeCounter
                0x0000000008001e7c       0x60 ./Drivers/STM32F1xx_HAL_Driver/Src/stm32f1xx_hal_rtc.o
 .text.RTC_WriteTimeCounter
                0x0000000008001edc       0x4e ./Drivers/STM32F1xx_HAL_Driver/Src/stm32f1xx_hal_rtc.o
 .text.RTC_ReadAlarmCounter
                0x0000000008001f2a       0x32 ./Drivers/STM32F1xx_HAL_Driver/Src/stm32f1xx_hal_rtc.o
 .text.RTC_WriteAlarmCounter
                0x0000000008001f5c       0x4e ./Drivers/STM32F1xx_HAL_Driver/Src/stm32f1xx_hal_rtc.o
 .text.RTC_EnterInitMode
                0x0000000008001faa       0x50 ./Drivers/STM32F1xx_HAL_Driver/Src/stm32f1xx_hal_rtc.o
 .text.RTC_ExitInitMode
                0x0000000008001ffa       0x50 ./Drivers/STM32F1xx_HAL_Driver/Src/stm32f1xx_hal_rtc.o
 .text.RTC_ByteToBcd2
                0x000000000800204a       0x3a ./Drivers/STM32F1xx_HAL_Driver/Src/stm32f1xx_hal_rtc.o
 .text.RTC_Bcd2ToByte
                0x0000000008002084       0x3a ./Drivers/STM32F1xx_HAL_Driver/Src/stm32f1xx_hal_rtc.o
 .text.RTC_DateUpdate
                0x00000000080020be      0x152 ./Drivers/STM32F1xx_HAL_Driver/Src/stm32f1xx_hal_rtc.o
 .text.RTC_IsLeapYear
                0x0000000008002210       0x64 ./Drivers/STM32F1xx_HAL_Driver/Src/stm32f1xx_hal_rtc.o
 .text.RTC_WeekDayNum
                0x0000000008002274       0xf0 ./Drivers/STM32F1xx_HAL_Driver/Src/stm32f1xx_hal_rtc.o
 .text.__libc_init_array
                0x0000000008002364       0x48 /opt/st/stm32cubeide_1.7.0/plugins/com.st.stm32cube.ide.mcu.externaltools.gnu-tools-for-stm32.9-2020-q2-update.linux64_2.0.0.202105311346/tools/bin/../lib/gcc/arm-none-eabi/9.3.1/../../../../arm-none-eabi/lib/thumb/v7-m/nofp/libc_nano.a(lib_a-init.o)
                0x0000000008002364                __libc_init_array
 .text.memset   0x00000000080023ac       0x10 /opt/st/stm32cubeide_1.7.0/plugins/com.st.stm32cube.ide.mcu.externaltools.gnu-tools-for-stm32.9-2020-q2-update.linux64_2.0.0.202105311346/tools/bin/../lib/gcc/arm-none-eabi/9.3.1/../../../../arm-none-eabi/lib/thumb/v7-m/nofp/libc_nano.a(lib_a-memset.o)
                0x00000000080023ac                memset
 *(.glue_7)
 .glue_7        0x00000000080023bc        0x0 linker stubs
 *(.glue_7t)
 .glue_7t       0x00000000080023bc        0x0 linker stubs
 *(.eh_frame)
 .eh_frame      0x00000000080023bc        0x0 /opt/st/stm32cubeide_1.7.0/plugins/com.st.stm32cube.ide.mcu.externaltools.gnu-tools-for-stm32.9-2020-q2-update.linux64_2.0.0.202105311346/tools/bin/../lib/gcc/arm-none-eabi/9.3.1/thumb/v7-m/nofp/crtbegin.o
 *(.init)
 .init          0x00000000080023bc        0x4 /opt/st/stm32cubeide_1.7.0/plugins/com.st.stm32cube.ide.mcu.externaltools.gnu-tools-for-stm32.9-2020-q2-update.linux64_2.0.0.202105311346/tools/bin/../lib/gcc/arm-none-eabi/9.3.1/thumb/v7-m/nofp/crti.o
                0x00000000080023bc                _init
 .init          0x00000000080023c0        0x8 /opt/st/stm32cubeide_1.7.0/plugins/com.st.stm32cube.ide.mcu.externaltools.gnu-tools-for-stm32.9-2020-q2-update.linux64_2.0.0.202105311346/tools/bin/../lib/gcc/arm-none-eabi/9.3.1/thumb/v7-m/nofp/crtn.o
 *(.fini)
 .fini          0x00000000080023c8        0x4 /opt/st/stm32cubeide_1.7.0/plugins/com.st.stm32cube.ide.mcu.externaltools.gnu-tools-for-stm32.9-2020-q2-update.linux64_2.0.0.202105311346/tools/bin/../lib/gcc/arm-none-eabi/9.3.1/thumb/v7-m/nofp/crti.o
                0x00000000080023c8                _fini
 .fini          0x00000000080023cc        0x8 /opt/st/stm32cubeide_1.7.0/plugins/com.st.stm32cube.ide.mcu.externaltools.gnu-tools-for-stm32.9-2020-q2-update.linux64_2.0.0.202105311346/tools/bin/../lib/gcc/arm-none-eabi/9.3.1/thumb/v7-m/nofp/crtn.o
                0x00000000080023d4                . = ALIGN (0x4)
                0x00000000080023d4                _etext = .

.vfp11_veneer   0x00000000080023d4        0x0
 .vfp11_veneer  0x00000000080023d4        0x0 linker stubs

.v4_bx          0x00000000080023d4        0x0
 .v4_bx         0x00000000080023d4        0x0 linker stubs

.iplt           0x00000000080023d4        0x0
 .iplt          0x00000000080023d4        0x0 /opt/st/stm32cubeide_1.7.0/plugins/com.st.stm32cube.ide.mcu.externaltools.gnu-tools-for-stm32.9-2020-q2-update.linux64_2.0.0.202105311346/tools/bin/../lib/gcc/arm-none-eabi/9.3.1/thumb/v7-m/nofp/crtbegin.o

.rodata         0x00000000080023d4       0x38
                0x00000000080023d4                . = ALIGN (0x4)
 *(.rodata)
 .rodata        0x00000000080023d4       0x10 ./Drivers/STM32F1xx_HAL_Driver/Src/stm32f1xx_hal_rcc.o
 .rodata        0x00000000080023e4       0x10 ./Drivers/STM32F1xx_HAL_Driver/Src/stm32f1xx_hal_rcc_ex.o
 *(.rodata*)
 .rodata.AHBPrescTable
                0x00000000080023f4       0x10 ./Core/Src/system_stm32f1xx.o
                0x00000000080023f4                AHBPrescTable
 .rodata.APBPrescTable
                0x0000000008002404        0x8 ./Core/Src/system_stm32f1xx.o
                0x0000000008002404                APBPrescTable
                0x000000000800240c                . = ALIGN (0x4)

.rel.dyn        0x000000000800240c        0x0
 .rel.iplt      0x000000000800240c        0x0 /opt/st/stm32cubeide_1.7.0/plugins/com.st.stm32cube.ide.mcu.externaltools.gnu-tools-for-stm32.9-2020-q2-update.linux64_2.0.0.202105311346/tools/bin/../lib/gcc/arm-none-eabi/9.3.1/thumb/v7-m/nofp/crtbegin.o

.ARM.extab      0x000000000800240c        0x0
                0x000000000800240c                . = ALIGN (0x4)
 *(.ARM.extab* .gnu.linkonce.armextab.*)
                0x000000000800240c                . = ALIGN (0x4)

.ARM            0x000000000800240c        0x0
                0x000000000800240c                . = ALIGN (0x4)
                0x000000000800240c                __exidx_start = .
 *(.ARM.exidx*)
                0x000000000800240c                __exidx_end = .
                0x000000000800240c                . = ALIGN (0x4)

.preinit_array  0x000000000800240c        0x0
                0x000000000800240c                . = ALIGN (0x4)
                0x000000000800240c                PROVIDE (__preinit_array_start = .)
 *(.preinit_array*)
                0x000000000800240c                PROVIDE (__preinit_array_end = .)
                0x000000000800240c                . = ALIGN (0x4)

.init_array     0x000000000800240c        0x4
                0x000000000800240c                . = ALIGN (0x4)
                0x000000000800240c                PROVIDE (__init_array_start = .)
 *(SORT_BY_NAME(.init_array.*))
 *(.init_array*)
 .init_array    0x000000000800240c        0x4 /opt/st/stm32cubeide_1.7.0/plugins/com.st.stm32cube.ide.mcu.externaltools.gnu-tools-for-stm32.9-2020-q2-update.linux64_2.0.0.202105311346/tools/bin/../lib/gcc/arm-none-eabi/9.3.1/thumb/v7-m/nofp/crtbegin.o
                0x0000000008002410                PROVIDE (__init_array_end = .)
                0x0000000008002410                . = ALIGN (0x4)

.fini_array     0x0000000008002410        0x4
                0x0000000008002410                . = ALIGN (0x4)
                [!provide]                        PROVIDE (__fini_array_start = .)
 *(SORT_BY_NAME(.fini_array.*))
 *(.fini_array*)
 .fini_array    0x0000000008002410        0x4 /opt/st/stm32cubeide_1.7.0/plugins/com.st.stm32cube.ide.mcu.externaltools.gnu-tools-for-stm32.9-2020-q2-update.linux64_2.0.0.202105311346/tools/bin/../lib/gcc/arm-none-eabi/9.3.1/thumb/v7-m/nofp/crtbegin.o
                [!provide]                        PROVIDE (__fini_array_end = .)
                0x0000000008002414                . = ALIGN (0x4)
                0x0000000008002414                _sidata = LOADADDR (.data)

.data           0x0000000020000000        0xc load address 0x0000000008002414
                0x0000000020000000                . = ALIGN (0x4)
                0x0000000020000000                _sdata = .
 *(.data)
 *(.data*)
 .data.SystemCoreClock
                0x0000000020000000        0x4 ./Core/Src/system_stm32f1xx.o
                0x0000000020000000                SystemCoreClock
 .data.uwTickPrio
                0x0000000020000004        0x4 ./Drivers/STM32F1xx_HAL_Driver/Src/stm32f1xx_hal.o
                0x0000000020000004                uwTickPrio
 .data.uwTickFreq
                0x0000000020000008        0x1 ./Drivers/STM32F1xx_HAL_Driver/Src/stm32f1xx_hal.o
                0x0000000020000008                uwTickFreq
 *(.RamFunc)
 *(.RamFunc*)
                0x000000002000000c                . = ALIGN (0x4)
 *fill*         0x0000000020000009        0x3 
                0x000000002000000c                _edata = .

.igot.plt       0x000000002000000c        0x0 load address 0x0000000008002420
 .igot.plt      0x000000002000000c        0x0 /opt/st/stm32cubeide_1.7.0/plugins/com.st.stm32cube.ide.mcu.externaltools.gnu-tools-for-stm32.9-2020-q2-update.linux64_2.0.0.202105311346/tools/bin/../lib/gcc/arm-none-eabi/9.3.1/thumb/v7-m/nofp/crtbegin.o
                0x000000002000000c                . = ALIGN (0x4)

.bss            0x000000002000000c       0x34 load address 0x0000000008002420
                0x000000002000000c                _sbss = .
                0x000000002000000c                __bss_start__ = _sbss
 *(.bss)
 .bss           0x000000002000000c       0x1c /opt/st/stm32cubeide_1.7.0/plugins/com.st.stm32cube.ide.mcu.externaltools.gnu-tools-for-stm32.9-2020-q2-update.linux64_2.0.0.202105311346/tools/bin/../lib/gcc/arm-none-eabi/9.3.1/thumb/v7-m/nofp/crtbegin.o
 *(.bss*)
 *(COMMON)
 COMMON         0x0000000020000028       0x14 ./Core/Src/main.o
                0x0000000020000028                hrtc
 COMMON         0x000000002000003c        0x4 ./Drivers/STM32F1xx_HAL_Driver/Src/stm32f1xx_hal.o
                0x000000002000003c                uwTick
                0x0000000020000040                . = ALIGN (0x4)
                0x0000000020000040                _ebss = .
                0x0000000020000040                __bss_end__ = _ebss

._user_heap_stack
                0x0000000020000040      0x600 load address 0x0000000008002420
                0x0000000020000040                . = ALIGN (0x8)
                [!provide]                        PROVIDE (end = .)
                0x0000000020000040                PROVIDE (_end = .)
                0x0000000020000240                . = (. + _Min_Heap_Size)
 *fill*         0x0000000020000040      0x200 
                0x0000000020000640                . = (. + _Min_Stack_Size)
 *fill*         0x0000000020000240      0x400 
                0x0000000020000640                . = ALIGN (0x8)

/DISCARD/
 libc.a(*)
 libm.a(*)
 libgcc.a(*)

.ARM.attributes
                0x0000000000000000       0x29
 *(.ARM.attributes)
 .ARM.attributes
                0x0000000000000000       0x1d /opt/st/stm32cubeide_1.7.0/plugins/com.st.stm32cube.ide.mcu.externaltools.gnu-tools-for-stm32.9-2020-q2-update.linux64_2.0.0.202105311346/tools/bin/../lib/gcc/arm-none-eabi/9.3.1/thumb/v7-m/nofp/crti.o
 .ARM.attributes
                0x000000000000001d       0x2d /opt/st/stm32cubeide_1.7.0/plugins/com.st.stm32cube.ide.mcu.externaltools.gnu-tools-for-stm32.9-2020-q2-update.linux64_2.0.0.202105311346/tools/bin/../lib/gcc/arm-none-eabi/9.3.1/thumb/v7-m/nofp/crtbegin.o
 .ARM.attributes
                0x000000000000004a       0x2d ./Core/Src/main.o
 .ARM.attributes
                0x0000000000000077       0x2d ./Core/Src/stm32f1xx_hal_msp.o
 .ARM.attributes
                0x00000000000000a4       0x2d ./Core/Src/stm32f1xx_it.o
 .ARM.attributes
                0x00000000000000d1       0x2d ./Core/Src/system_stm32f1xx.o
 .ARM.attributes
                0x00000000000000fe       0x21 ./Core/Startup/startup_stm32f103c6tx.o
 .ARM.attributes
                0x000000000000011f       0x2d ./Drivers/STM32F1xx_HAL_Driver/Src/stm32f1xx_hal.o
 .ARM.attributes
                0x000000000000014c       0x2d ./Drivers/STM32F1xx_HAL_Driver/Src/stm32f1xx_hal_cortex.o
 .ARM.attributes
                0x0000000000000179       0x2d ./Drivers/STM32F1xx_HAL_Driver/Src/stm32f1xx_hal_gpio.o
 .ARM.attributes
                0x00000000000001a6       0x2d ./Drivers/STM32F1xx_HAL_Driver/Src/stm32f1xx_hal_pwr.o
 .ARM.attributes
                0x00000000000001d3       0x2d ./Drivers/STM32F1xx_HAL_Driver/Src/stm32f1xx_hal_rcc.o
 .ARM.attributes
                0x0000000000000200       0x2d ./Drivers/STM32F1xx_HAL_Driver/Src/stm32f1xx_hal_rcc_ex.o
 .ARM.attributes
                0x000000000000022d       0x2d ./Drivers/STM32F1xx_HAL_Driver/Src/stm32f1xx_hal_rtc.o
 .ARM.attributes
                0x000000000000025a       0x2d /opt/st/stm32cubeide_1.7.0/plugins/com.st.stm32cube.ide.mcu.externaltools.gnu-tools-for-stm32.9-2020-q2-update.linux64_2.0.0.202105311346/tools/bin/../lib/gcc/arm-none-eabi/9.3.1/../../../../arm-none-eabi/lib/thumb/v7-m/nofp/libc_nano.a(lib_a-init.o)
 .ARM.attributes
                0x0000000000000287       0x2d /opt/st/stm32cubeide_1.7.0/plugins/com.st.stm32cube.ide.mcu.externaltools.gnu-tools-for-stm32.9-2020-q2-update.linux64_2.0.0.202105311346/tools/bin/../lib/gcc/arm-none-eabi/9.3.1/../../../../arm-none-eabi/lib/thumb/v7-m/nofp/libc_nano.a(lib_a-memset.o)
 .ARM.attributes
                0x00000000000002b4       0x1d /opt/st/stm32cubeide_1.7.0/plugins/com.st.stm32cube.ide.mcu.externaltools.gnu-tools-for-stm32.9-2020-q2-update.linux64_2.0.0.202105311346/tools/bin/../lib/gcc/arm-none-eabi/9.3.1/thumb/v7-m/nofp/crtn.o
OUTPUT(BluePill_Stop_Mode.elf elf32-littlearm)
LOAD linker stubs
LOAD /opt/st/stm32cubeide_1.7.0/plugins/com.st.stm32cube.ide.mcu.externaltools.gnu-tools-for-stm32.9-2020-q2-update.linux64_2.0.0.202105311346/tools/bin/../lib/gcc/arm-none-eabi/9.3.1/../../../../arm-none-eabi/lib/thumb/v7-m/nofp/libc.a
LOAD /opt/st/stm32cubeide_1.7.0/plugins/com.st.stm32cube.ide.mcu.externaltools.gnu-tools-for-stm32.9-2020-q2-update.linux64_2.0.0.202105311346/tools/bin/../lib/gcc/arm-none-eabi/9.3.1/../../../../arm-none-eabi/lib/thumb/v7-m/nofp/libm.a
LOAD /opt/st/stm32cubeide_1.7.0/plugins/com.st.stm32cube.ide.mcu.externaltools.gnu-tools-for-stm32.9-2020-q2-update.linux64_2.0.0.202105311346/tools/bin/../lib/gcc/arm-none-eabi/9.3.1/thumb/v7-m/nofp/libgcc.a

.debug_info     0x0000000000000000     0x5075
 .debug_info    0x0000000000000000      0x9a5 ./Core/Src/main.o
 .debug_info    0x00000000000009a5      0x562 ./Core/Src/stm32f1xx_hal_msp.o
 .debug_info    0x0000000000000f07      0x24c ./Core/Src/stm32f1xx_it.o
 .debug_info    0x0000000000001153      0x2be ./Core/Src/system_stm32f1xx.o
 .debug_info    0x0000000000001411       0x22 ./Core/Startup/startup_stm32f103c6tx.o
 .debug_info    0x0000000000001433      0x74c ./Drivers/STM32F1xx_HAL_Driver/Src/stm32f1xx_hal.o
 .debug_info    0x0000000000001b7f      0xbbe ./Drivers/STM32F1xx_HAL_Driver/Src/stm32f1xx_hal_cortex.o
 .debug_info    0x000000000000273d      0x701 ./Drivers/STM32F1xx_HAL_Driver/Src/stm32f1xx_hal_gpio.o
 .debug_info    0x0000000000002e3e      0x730 ./Drivers/STM32F1xx_HAL_Driver/Src/stm32f1xx_hal_pwr.o
 .debug_info    0x000000000000356e      0x88e ./Drivers/STM32F1xx_HAL_Driver/Src/stm32f1xx_hal_rcc.o
 .debug_info    0x0000000000003dfc      0x480 ./Drivers/STM32F1xx_HAL_Driver/Src/stm32f1xx_hal_rcc_ex.o
 .debug_info    0x000000000000427c      0xdf9 ./Drivers/STM32F1xx_HAL_Driver/Src/stm32f1xx_hal_rtc.o

.debug_abbrev   0x0000000000000000     0x1503
 .debug_abbrev  0x0000000000000000      0x20b ./Core/Src/main.o
 .debug_abbrev  0x000000000000020b      0x18f ./Core/Src/stm32f1xx_hal_msp.o
 .debug_abbrev  0x000000000000039a       0xd2 ./Core/Src/stm32f1xx_it.o
 .debug_abbrev  0x000000000000046c      0x14e ./Core/Src/system_stm32f1xx.o
 .debug_abbrev  0x00000000000005ba       0x12 ./Core/Startup/startup_stm32f103c6tx.o
 .debug_abbrev  0x00000000000005cc      0x1ed ./Drivers/STM32F1xx_HAL_Driver/Src/stm32f1xx_hal.o
 .debug_abbrev  0x00000000000007b9      0x313 ./Drivers/STM32F1xx_HAL_Driver/Src/stm32f1xx_hal_cortex.o
 .debug_abbrev  0x0000000000000acc      0x1e8 ./Drivers/STM32F1xx_HAL_Driver/Src/stm32f1xx_hal_gpio.o
 .debug_abbrev  0x0000000000000cb4      0x213 ./Drivers/STM32F1xx_HAL_Driver/Src/stm32f1xx_hal_pwr.o
 .debug_abbrev  0x0000000000000ec7      0x273 ./Drivers/STM32F1xx_HAL_Driver/Src/stm32f1xx_hal_rcc.o
 .debug_abbrev  0x000000000000113a      0x193 ./Drivers/STM32F1xx_HAL_Driver/Src/stm32f1xx_hal_rcc_ex.o
 .debug_abbrev  0x00000000000012cd      0x236 ./Drivers/STM32F1xx_HAL_Driver/Src/stm32f1xx_hal_rtc.o

.debug_aranges  0x0000000000000000      0x5c8
 .debug_aranges
                0x0000000000000000       0x48 ./Core/Src/main.o
 .debug_aranges
                0x0000000000000048       0x30 ./Core/Src/stm32f1xx_hal_msp.o
 .debug_aranges
                0x0000000000000078       0x68 ./Core/Src/stm32f1xx_it.o
 .debug_aranges
                0x00000000000000e0       0x28 ./Core/Src/system_stm32f1xx.o
 .debug_aranges
                0x0000000000000108       0x28 ./Core/Startup/startup_stm32f103c6tx.o
 .debug_aranges
                0x0000000000000130       0xe0 ./Drivers/STM32F1xx_HAL_Driver/Src/stm32f1xx_hal.o
 .debug_aranges
                0x0000000000000210      0x100 ./Drivers/STM32F1xx_HAL_Driver/Src/stm32f1xx_hal_cortex.o
 .debug_aranges
                0x0000000000000310       0x58 ./Drivers/STM32F1xx_HAL_Driver/Src/stm32f1xx_hal_gpio.o
 .debug_aranges
                0x0000000000000368       0xa8 ./Drivers/STM32F1xx_HAL_Driver/Src/stm32f1xx_hal_pwr.o
 .debug_aranges
                0x0000000000000410       0x90 ./Drivers/STM32F1xx_HAL_Driver/Src/stm32f1xx_hal_rcc.o
 .debug_aranges
                0x00000000000004a0       0x30 ./Drivers/STM32F1xx_HAL_Driver/Src/stm32f1xx_hal_rcc_ex.o
 .debug_aranges
                0x00000000000004d0       0xf8 ./Drivers/STM32F1xx_HAL_Driver/Src/stm32f1xx_hal_rtc.o

.debug_ranges   0x0000000000000000      0x510
 .debug_ranges  0x0000000000000000       0x38 ./Core/Src/main.o
 .debug_ranges  0x0000000000000038       0x20 ./Core/Src/stm32f1xx_hal_msp.o
 .debug_ranges  0x0000000000000058       0x58 ./Core/Src/stm32f1xx_it.o
 .debug_ranges  0x00000000000000b0       0x18 ./Core/Src/system_stm32f1xx.o
 .debug_ranges  0x00000000000000c8       0x20 ./Core/Startup/startup_stm32f103c6tx.o
 .debug_ranges  0x00000000000000e8       0xd0 ./Drivers/STM32F1xx_HAL_Driver/Src/stm32f1xx_hal.o
 .debug_ranges  0x00000000000001b8       0xf0 ./Drivers/STM32F1xx_HAL_Driver/Src/stm32f1xx_hal_cortex.o
 .debug_ranges  0x00000000000002a8       0x48 ./Drivers/STM32F1xx_HAL_Driver/Src/stm32f1xx_hal_gpio.o
 .debug_ranges  0x00000000000002f0       0x98 ./Drivers/STM32F1xx_HAL_Driver/Src/stm32f1xx_hal_pwr.o
 .debug_ranges  0x0000000000000388       0x80 ./Drivers/STM32F1xx_HAL_Driver/Src/stm32f1xx_hal_rcc.o
 .debug_ranges  0x0000000000000408       0x20 ./Drivers/STM32F1xx_HAL_Driver/Src/stm32f1xx_hal_rcc_ex.o
 .debug_ranges  0x0000000000000428       0xe8 ./Drivers/STM32F1xx_HAL_Driver/Src/stm32f1xx_hal_rtc.o

.debug_macro    0x0000000000000000    0x15db0
 .debug_macro   0x0000000000000000      0x1a1 ./Core/Src/main.o
 .debug_macro   0x00000000000001a1      0xa9c ./Core/Src/main.o
 .debug_macro   0x0000000000000c3d      0x215 ./Core/Src/main.o
 .debug_macro   0x0000000000000e52       0x2e ./Core/Src/main.o
 .debug_macro   0x0000000000000e80       0x22 ./Core/Src/main.o
 .debug_macro   0x0000000000000ea2       0x22 ./Core/Src/main.o
 .debug_macro   0x0000000000000ec4       0x8e ./Core/Src/main.o
 .debug_macro   0x0000000000000f52       0x51 ./Core/Src/main.o
 .debug_macro   0x0000000000000fa3      0x103 ./Core/Src/main.o
 .debug_macro   0x00000000000010a6       0x6a ./Core/Src/main.o
 .debug_macro   0x0000000000001110      0x1df ./Core/Src/main.o
 .debug_macro   0x00000000000012ef       0x1c ./Core/Src/main.o
 .debug_macro   0x000000000000130b       0x22 ./Core/Src/main.o
 .debug_macro   0x000000000000132d       0xc3 ./Core/Src/main.o
 .debug_macro   0x00000000000013f0      0xd23 ./Core/Src/main.o
 .debug_macro   0x0000000000002113     0xde75 ./Core/Src/main.o
 .debug_macro   0x000000000000ff88       0x6d ./Core/Src/main.o
 .debug_macro   0x000000000000fff5     0x3468 ./Core/Src/main.o
 .debug_macro   0x000000000001345d      0x174 ./Core/Src/main.o
 .debug_macro   0x00000000000135d1       0x5c ./Core/Src/main.o
 .debug_macro   0x000000000001362d      0x5be ./Core/Src/main.o
 .debug_macro   0x0000000000013beb      0x1b7 ./Core/Src/main.o
 .debug_macro   0x0000000000013da2      0x1cb ./Core/Src/main.o
 .debug_macro   0x0000000000013f6d      0x114 ./Core/Src/main.o
 .debug_macro   0x0000000000014081      0x1b2 ./Core/Src/main.o
 .debug_macro   0x0000000000014233       0x27 ./Core/Src/main.o
 .debug_macro   0x000000000001425a      0x12f ./Core/Src/main.o
 .debug_macro   0x0000000000014389      0x1bc ./Core/Src/main.o
 .debug_macro   0x0000000000014545       0x34 ./Core/Src/main.o
 .debug_macro   0x0000000000014579       0x3c ./Core/Src/main.o
 .debug_macro   0x00000000000145b5       0x57 ./Core/Src/main.o
 .debug_macro   0x000000000001460c       0x88 ./Core/Src/main.o
 .debug_macro   0x0000000000014694      0x183 ./Core/Src/main.o
 .debug_macro   0x0000000000014817      0x141 ./Core/Src/main.o
 .debug_macro   0x0000000000014958      0x1ef ./Core/Src/main.o
 .debug_macro   0x0000000000014b47       0xec ./Core/Src/main.o
 .debug_macro   0x0000000000014c33       0x69 ./Core/Src/main.o
 .debug_macro   0x0000000000014c9c      0x1a1 ./Core/Src/stm32f1xx_hal_msp.o
 .debug_macro   0x0000000000014e3d      0x1ab ./Core/Src/stm32f1xx_it.o
 .debug_macro   0x0000000000014fe8      0x197 ./Core/Src/system_stm32f1xx.o
 .debug_macro   0x000000000001517f      0x1bb ./Drivers/STM32F1xx_HAL_Driver/Src/stm32f1xx_hal.o
 .debug_macro   0x000000000001533a      0x197 ./Drivers/STM32F1xx_HAL_Driver/Src/stm32f1xx_hal_cortex.o
 .debug_macro   0x00000000000154d1      0x202 ./Drivers/STM32F1xx_HAL_Driver/Src/stm32f1xx_hal_gpio.o
 .debug_macro   0x00000000000156d3      0x1f7 ./Drivers/STM32F1xx_HAL_Driver/Src/stm32f1xx_hal_pwr.o
 .debug_macro   0x00000000000158ca      0x1a9 ./Drivers/STM32F1xx_HAL_Driver/Src/stm32f1xx_hal_rcc.o
 .debug_macro   0x0000000000015a73      0x197 ./Drivers/STM32F1xx_HAL_Driver/Src/stm32f1xx_hal_rcc_ex.o
 .debug_macro   0x0000000000015c0a      0x1a6 ./Drivers/STM32F1xx_HAL_Driver/Src/stm32f1xx_hal_rtc.o

.debug_line     0x0000000000000000     0x677e
 .debug_line    0x0000000000000000      0x776 ./Core/Src/main.o
 .debug_line    0x0000000000000776      0x67c ./Core/Src/stm32f1xx_hal_msp.o
 .debug_line    0x0000000000000df2      0x71b ./Core/Src/stm32f1xx_it.o
 .debug_line    0x000000000000150d      0x6bf ./Core/Src/system_stm32f1xx.o
 .debug_line    0x0000000000001bcc       0x87 ./Core/Startup/startup_stm32f103c6tx.o
 .debug_line    0x0000000000001c53      0x8ec ./Drivers/STM32F1xx_HAL_Driver/Src/stm32f1xx_hal.o
 .debug_line    0x000000000000253f      0xad4 ./Drivers/STM32F1xx_HAL_Driver/Src/stm32f1xx_hal_cortex.o
 .debug_line    0x0000000000003013      0x96d ./Drivers/STM32F1xx_HAL_Driver/Src/stm32f1xx_hal_gpio.o
 .debug_line    0x0000000000003980      0x86e ./Drivers/STM32F1xx_HAL_Driver/Src/stm32f1xx_hal_pwr.o
 .debug_line    0x00000000000041ee      0xcfa ./Drivers/STM32F1xx_HAL_Driver/Src/stm32f1xx_hal_rcc.o
 .debug_line    0x0000000000004ee8      0x838 ./Drivers/STM32F1xx_HAL_Driver/Src/stm32f1xx_hal_rcc_ex.o
 .debug_line    0x0000000000005720     0x105e ./Drivers/STM32F1xx_HAL_Driver/Src/stm32f1xx_hal_rtc.o

.debug_str      0x0000000000000000    0x7bbdb
 .debug_str     0x0000000000000000    0x7a5c9 ./Core/Src/main.o
                                      0x7a99c (size before relaxing)
 .debug_str     0x000000000007a5c9       0x7c ./Core/Src/stm32f1xx_hal_msp.o
                                      0x7a49c (size before relaxing)
 .debug_str     0x000000000007a645       0xce ./Core/Src/stm32f1xx_it.o
                                      0x7a34f (size before relaxing)
 .debug_str     0x000000000007a713       0x52 ./Core/Src/system_stm32f1xx.o
                                      0x7a2fa (size before relaxing)
 .debug_str     0x000000000007a765       0x36 ./Core/Startup/startup_stm32f103c6tx.o
                                         0x90 (size before relaxing)
 .debug_str     0x000000000007a79b      0x304 ./Drivers/STM32F1xx_HAL_Driver/Src/stm32f1xx_hal.o
                                      0x7a951 (size before relaxing)
 .debug_str     0x000000000007aa9f      0x300 ./Drivers/STM32F1xx_HAL_Driver/Src/stm32f1xx_hal_cortex.o
                                      0x7a959 (size before relaxing)
 .debug_str     0x000000000007ad9f      0x324 ./Drivers/STM32F1xx_HAL_Driver/Src/stm32f1xx_hal_gpio.o
                                      0x7a6be (size before relaxing)
 .debug_str     0x000000000007b0c3      0x50e ./Drivers/STM32F1xx_HAL_Driver/Src/stm32f1xx_hal_pwr.o
                                      0x7a85d (size before relaxing)
 .debug_str     0x000000000007b5d1      0x243 ./Drivers/STM32F1xx_HAL_Driver/Src/stm32f1xx_hal_rcc.o
                                      0x7a6f7 (size before relaxing)
 .debug_str     0x000000000007b814       0xb9 ./Drivers/STM32F1xx_HAL_Driver/Src/stm32f1xx_hal_rcc_ex.o
                                      0x7a484 (size before relaxing)
 .debug_str     0x000000000007b8cd      0x30e ./Drivers/STM32F1xx_HAL_Driver/Src/stm32f1xx_hal_rtc.o
                                      0x7a80a (size before relaxing)

.comment        0x0000000000000000       0x53
 .comment       0x0000000000000000       0x53 ./Core/Src/main.o
                                         0x54 (size before relaxing)
 .comment       0x0000000000000053       0x54 ./Core/Src/stm32f1xx_hal_msp.o
 .comment       0x0000000000000053       0x54 ./Core/Src/stm32f1xx_it.o
 .comment       0x0000000000000053       0x54 ./Core/Src/system_stm32f1xx.o
 .comment       0x0000000000000053       0x54 ./Drivers/STM32F1xx_HAL_Driver/Src/stm32f1xx_hal.o
 .comment       0x0000000000000053       0x54 ./Drivers/STM32F1xx_HAL_Driver/Src/stm32f1xx_hal_cortex.o
 .comment       0x0000000000000053       0x54 ./Drivers/STM32F1xx_HAL_Driver/Src/stm32f1xx_hal_gpio.o
 .comment       0x0000000000000053       0x54 ./Drivers/STM32F1xx_HAL_Driver/Src/stm32f1xx_hal_pwr.o
 .comment       0x0000000000000053       0x54 ./Drivers/STM32F1xx_HAL_Driver/Src/stm32f1xx_hal_rcc.o
 .comment       0x0000000000000053       0x54 ./Drivers/STM32F1xx_HAL_Driver/Src/stm32f1xx_hal_rcc_ex.o
 .comment       0x0000000000000053       0x54 ./Drivers/STM32F1xx_HAL_Driver/Src/stm32f1xx_hal_rtc.o

.debug_frame    0x0000000000000000     0x1508
 .debug_frame   0x0000000000000000       0xd4 ./Core/Src/main.o
 .debug_frame   0x00000000000000d4       0x84 ./Core/Src/stm32f1xx_hal_msp.o
 .debug_frame   0x0000000000000158      0x120 ./Core/Src/stm32f1xx_it.o
 .debug_frame   0x0000000000000278       0x58 ./Core/Src/system_stm32f1xx.o
 .debug_frame   0x00000000000002d0      0x334 ./Drivers/STM32F1xx_HAL_Driver/Src/stm32f1xx_hal.o
 .debug_frame   0x0000000000000604      0x428 ./Drivers/STM32F1xx_HAL_Driver/Src/stm32f1xx_hal_cortex.o
 .debug_frame   0x0000000000000a2c      0x14c ./Drivers/STM32F1xx_HAL_Driver/Src/stm32f1xx_hal_gpio.o
 .debug_frame   0x0000000000000b78      0x270 ./Drivers/STM32F1xx_HAL_Driver/Src/stm32f1xx_hal_pwr.o
 .debug_frame   0x0000000000000de8      0x21c ./Drivers/STM32F1xx_HAL_Driver/Src/stm32f1xx_hal_rcc.o
 .debug_frame   0x0000000000001004       0x84 ./Drivers/STM32F1xx_HAL_Driver/Src/stm32f1xx_hal_rcc_ex.o
 .debug_frame   0x0000000000001088      0x434 ./Drivers/STM32F1xx_HAL_Driver/Src/stm32f1xx_hal_rtc.o
 .debug_frame   0x00000000000014bc       0x2c /opt/st/stm32cubeide_1.7.0/plugins/com.st.stm32cube.ide.mcu.externaltools.gnu-tools-for-stm32.9-2020-q2-update.linux64_2.0.0.202105311346/tools/bin/../lib/gcc/arm-none-eabi/9.3.1/../../../../arm-none-eabi/lib/thumb/v7-m/nofp/libc_nano.a(lib_a-init.o)
 .debug_frame   0x00000000000014e8       0x20 /opt/st/stm32cubeide_1.7.0/plugins/com.st.stm32cube.ide.mcu.externaltools.gnu-tools-for-stm32.9-2020-q2-update.linux64_2.0.0.202105311346/tools/bin/../lib/gcc/arm-none-eabi/9.3.1/../../../../arm-none-eabi/lib/thumb/v7-m/nofp/libc_nano.a(lib_a-memset.o)
